[2026-08-26 00:47:50] Tracked HWND 7538076 | notes.txt - AutoHotkeys - Visual Studio Code
[2026-08-26 00:47:50] Minimized and tracked
[2026-08-26 00:47:51] Restored last minimized window
[2026-08-26 00:48:01] Tracked HWND 7538076 | notes.txt - AutoHotkeys - Visual Studio Code
[2026-08-26 00:48:01] Minimized and tracked
[2026-08-26 00:48:07] Untrack ignored: HWND not in tracked list.
[2026-08-26 00:48:07] Untrack skipped
[2026-08-26 00:48:11] Restored last minimized window
[2026-08-26 00:48:16] Untracked HWND 7538076
[2026-08-26 00:48:16] Untracked: 0
[2026-08-26 00:48:18] Tracked HWND 7538076 | notes.txt - AutoHotkeys - Visual Studio Code
[2026-08-26 00:48:18] Minimized and tracked
[2026-08-26 00:48:27] Restored last minimized window
[2026-08-26 00:48:31] Untracked HWND 7538076
[2026-08-26 00:48:31] Untracked: 0
[2026-08-26 00:48:40] Restored last minimized window
[2026-08-26 10:48:49] Tracked HWND 2359748 | notes.txt - AutoHotkeys - Visual Studio Code
[2026-08-26 10:48:49] Tracked: 1
[2026-08-26 10:48:52] Tracked HWND 2493470 | Google Calendar - Week of August 23, 2026 - Google Chrome
[2026-08-26 10:48:52] Tracked: 2
[2026-08-26 10:49:23] Untracked HWND 2359748
[2026-08-26 10:49:23] Untracked: 1
[2026-08-26 10:50:24] Tracked HWND 2359748 | notes.txt - AutoHotkeys - Visual Studio Code
[2026-08-26 10:50:24] Tracked: 2
[2026-08-26 10:50:38] Untracked HWND 2493470
[2026-08-26 10:50:38] Untracked: 1
[2026-08-26 10:50:57] Tracked HWND 2493470 | Google Calendar - Week of August 23, 2026 - Google Chrome
[2026-08-26 10:50:57] Tracked: 2
[2026-08-26 10:51:05] Untracked HWND 2493470
[2026-08-26 10:51:05] Untracked: 1
[2026-08-26 10:51:24] Tracked HWND 2493470 | Google Calendar - Week of August 23, 2026 - Google Chrome
[2026-08-26 10:51:24] Tracked: 2
[2026-08-26 10:51:33] Untracked HWND 2359748
[2026-08-26 10:51:33] Untracked: 1
[2026-08-26 10:52:07] Untrack ignored: HWND not in tracked list.
[2026-08-26 10:52:07] Untrack skipped
[2026-08-26 10:52:12] Untrack ignored: HWND not in tracked list.
[2026-08-26 10:52:12] Untrack skipped
[2026-08-26 10:52:16] Untrack ignored: HWND not in tracked list.
[2026-08-26 10:52:16] Untrack skipped
[2026-08-26 10:52:20] Tracked HWND 2359748 | notes.txt - AutoHotkeys - Visual Studio Code
[2026-08-26 10:52:20] Tracked: 2
[2026-08-26 10:52:50] Tracked HWND 328434 | WhatsApp
[2026-08-26 10:52:50] Tracked: 3
[2026-08-26 10:52:52] Tracked HWND 3082550 | GitHub Desktop
[2026-08-26 10:52:52] Tracked: 4
[2026-08-26 10:53:43] Tracked HWND 328434 | WhatsApp
[2026-08-26 10:53:43] Tracked: 4
[2026-08-26 10:53:53] Tracked HWND 3082550 | GitHub Desktop
[2026-08-26 10:53:53] Tracked: 4
[2026-08-26 10:53:59] Tracked HWND 2359748 | notes.txt - AutoHotkeys - Visual Studio Code
[2026-08-26 10:53:59] Tracked: 4
[2026-08-26 10:54:05] Untracked HWND 2359748
[2026-08-26 10:54:05] Untracked: 3
[2026-08-26 10:54:08] Tracked HWND 2359748 | notes.txt - AutoHotkeys - Visual Studio Code
[2026-08-26 10:54:08] Tracked: 4
[2026-08-27 17:22:09] Tracked HWND 7212158 | First Lecture - OneNote
[2026-08-27 17:22:09] Minimized and tracked
[2026-08-27 17:22:10] Restored last minimized window
[2026-08-27 17:22:10] Tracked HWND 7212158 | First Lecture - OneNote
[2026-08-27 17:22:10] Minimized and tracked
[2026-08-27 17:22:11] Restored last minimized window
[2026-08-28 11:33:25] Tracked HWND 263642 | Week 1: Quiz on Week 1 Concepts (Supervised vs Unsupervised), Syllabus and Probability Basics - 26FA CPS493-01 MACHINE LEARNING 761 - Google Chrome
[2026-08-28 11:33:25] Minimized and tracked
[2026-08-28 11:33:26] Restored last minimized window
[2026-08-29 16:12:21] Tracked HWND 592882 | HW - OneNote
[2026-08-29 16:12:21] Minimized and tracked
[2026-08-29 20:45:30] Tracked HWND 8130036 | @notapotato - Discord
[2026-08-29 20:45:30] Minimized and tracked
[2026-08-30 13:54:09] Tracked HWND 1377676 | notes.txt - AutoHotkeys - Visual Studio Code
[2026-08-30 13:54:09] Minimized and tracked
[2026-08-30 13:54:11] Restored last minimized window
